// Jest Snapshot v1, https://goo.gl/fbAQLP

exports[`should render App component render App component 1`] = `
<Fragment>
  <NavBar />
  <Switch>
    <Route
      component={[Function]}
      exact={true}
      path="/"
    />
  </Switch>
</Fragment>
`;
