// Jest Snapshot v1, https://goo.gl/fbAQLP

exports[`Fetch Photos Action Action-creator render 1`] = `
Array [
  Object {
    "type": "PHOTOS/ASYNC_FETCH_PHOTOS",
    "url": "http://image.com/api/photos",
  },
]
`;
