// Jest Snapshot v1, https://goo.gl/fbAQLP

exports[`Delete Tag Action Render action-creator 1`] = `
Array [
  Object {
    "payload": 1,
    "type": "TAGS/DELETE_TAG",
  },
]
`;
