// Jest Snapshot v1, https://goo.gl/fbAQLP

exports[`Should render Form component  render component 1`] = `
<form
  onSubmit={[MockFunction]}
>
  <InputGroup
    className="mb-3"
  >
    <FormControl
      aria-describedby="basic-addon2"
      name="tag1"
      onChange={[MockFunction]}
      placeholder="type tags..."
      type="text"
      value=""
    />
    <FormControl
      aria-describedby="basic-addon2"
      name="tag2"
      onChange={[MockFunction]}
      placeholder="type tags..."
      type="text"
      value=""
    />
    <FormControl
      aria-describedby="basic-addon2"
      name="tag3"
      onChange={[MockFunction]}
      placeholder="type tags..."
      type="text"
      value=""
    />
    <InputGroupPrepend>
      <Button
        active={false}
        disabled={false}
        type="submit"
        variant="outline-secondary"
      >
        Search
      </Button>
    </InputGroupPrepend>
  </InputGroup>
</form>
`;
